###############################################################################
#                                                                             #
# IAR C/C++ Compiler V8.10.3.10338/W32 for 8051         18/Mar/2015  17:03:09 #
# Copyright 2004-2011 IAR Systems AB.                                         #
#                                                                             #
#    Core               =  plain                                              #
#    Code model         =  banked                                             #
#    Data model         =  large                                              #
#    Calling convention =  xdata reentrant                                    #
#    Constant location  =  data_rom                                           #
#    Dptr setup         =  1,16                                               #
#    Source file        =  D:\Dropbox\MAO\Work\TCAM\_workspace\ZigBee\EB2530  #
#                          Material\Ch5 Zstack\7.TempHumdDHT11\ZStack-CC2530- #
#                          2.3.0-1.4.0\Projects\zstack\Samples\SampleApp\Sour #
#                          ce\SampleApp.c                                     #
#    Command line       =  -f "D:\Dropbox\MAO\Work\TCAM\_workspace\ZigBee\EB2 #
#                          530 Material\Ch5 Zstack\7.TempHumdDHT11\ZStack-CC2 #
#                          530-2.3.0-1.4.0\Projects\zstack\Samples\SampleApp\ #
#                          CC2530DB\..\..\..\Tools\CC2530DB\f8wCoord.cfg"     #
#                          (-DCPU32MHZ -DROOT=__near_func                     #
#                          -DMAC_CFG_APP_PENDING_QUEUE=TRUE                   #
#                          -DZDO_COORDINATOR -DRTR_NWK -DBLINK_LEDS) -f       #
#                          "D:\Dropbox\MAO\Work\TCAM\_workspace\ZigBee\EB2530 #
#                           Material\Ch5 Zstack\7.TempHumdDHT11\ZStack-CC2530 #
#                          -2.3.0-1.4.0\Projects\zstack\Samples\SampleApp\CC2 #
#                          530DB\..\..\..\Tools\CC2530DB\f8wConfig.cfg"       #
#                          (-DSECURE=0 -DZG_SECURE_DYNAMIC=0 -DREFLECTOR      #
#                          -DDEFAULT_CHANLIST=0x00000800                      #
#                          -DZDAPP_CONFIG_PAN_ID=0xFFF1                       #
#                          -DNWK_START_DELAY=100 -DEXTENDED_JOINING_RANDOM_MA #
#                          SK=0x007F -DBEACON_REQUEST_DELAY=100               #
#                          -DBEACON_REQ_DELAY_MASK=0x00FF                     #
#                          -DROUTE_EXPIRY_TIME=30 -DAPSC_ACK_WAIT_DURATION_PO #
#                          LLED=3000 -DNWK_INDIRECT_MSG_TIMEOUT=7             #
#                          -DMAX_RREQ_ENTRIES=8 -DAPSC_MAX_FRAME_RETRIES=3    #
#                          -DNWK_MAX_DATA_RETRIES=2                           #
#                          -DMAX_POLL_FAILURE_RETRIES=2 -DMAX_BCAST=9         #
#                          -DAPS_MAX_GROUPS=16 -DMAX_RTG_ENTRIES=40           #
#                          -DNWK_MAX_BINDING_ENTRIES=4                        #
#                          -DMAX_BINDING_CLUSTER_IDS=4 "-DDEFAULT_KEY={0x01,  #
#                          0x03, 0x05, 0x07, 0x09, 0x0B, 0x0D, 0x0F, 0x00,    #
#                          0x02, 0x04, 0x06, 0x08, 0x0A, 0x0C, 0x0D}"         #
#                          -DMAC_MAX_FRAME_SIZE=116 "-DCONST=const __code"    #
#                          -DGENERIC=__generic -DRFD_RCVC_ALWAYS_ON=FALSE     #
#                          -DPOLL_RATE=1000 -DQUEUED_POLL_RATE=100            #
#                          -DRESPONSE_POLL_RATE=100) -DREJOIN_POLL_RATE=440   #
#                          "D:\Dropbox\MAO\Work\TCAM\_workspace\ZigBee\EB2530 #
#                           Material\Ch5 Zstack\7.TempHumdDHT11\ZStack-CC2530 #
#                          -2.3.0-1.4.0\Projects\zstack\Samples\SampleApp\Sou #
#                          rce\SampleApp.c" -D ZIGBEEPRO -D ZTOOL_P1 -D       #
#                          xMT_TASK -D xMT_SYS_FUNC -D xMT_ZDO_FUNC -D        #
#                          LCD_SUPPORTED=DEBUG -lC "D:\Dropbox\MAO\Work\TCAM\ #
#                          _workspace\ZigBee\EB2530 Material\Ch5              #
#                          Zstack\7.TempHumdDHT11\ZStack-CC2530-2.3.0-1.4.0\P #
#                          rojects\zstack\Samples\SampleApp\CC2530DB\Coordina #
#                          torEB-Pro\List\" -lA "D:\Dropbox\MAO\Work\TCAM\_wo #
#                          rkspace\ZigBee\EB2530 Material\Ch5                 #
#                          Zstack\7.TempHumdDHT11\ZStack-CC2530-2.3.0-1.4.0\P #
#                          rojects\zstack\Samples\SampleApp\CC2530DB\Coordina #
#                          torEB-Pro\List\" --diag_suppress Pe001,Pa010 -o    #
#                          "D:\Dropbox\MAO\Work\TCAM\_workspace\ZigBee\EB2530 #
#                           Material\Ch5 Zstack\7.TempHumdDHT11\ZStack-CC2530 #
#                          -2.3.0-1.4.0\Projects\zstack\Samples\SampleApp\CC2 #
#                          530DB\CoordinatorEB-Pro\Obj\" -e --debug           #
#                          --core=plain --dptr=16,1 --data_model=large        #
#                          --code_model=banked --calling_convention=xdata_ree #
#                          ntrant --place_constants=data_rom                  #
#                          --nr_virtual_regs 16 -I "D:\Dropbox\MAO\Work\TCAM\ #
#                          _workspace\ZigBee\EB2530 Material\Ch5              #
#                          Zstack\7.TempHumdDHT11\ZStack-CC2530-2.3.0-1.4.0\P #
#                          rojects\zstack\Samples\SampleApp\CC2530DB\" -I     #
#                          "D:\Dropbox\MAO\Work\TCAM\_workspace\ZigBee\EB2530 #
#                           Material\Ch5 Zstack\7.TempHumdDHT11\ZStack-CC2530 #
#                          -2.3.0-1.4.0\Projects\zstack\Samples\SampleApp\CC2 #
#                          530DB\..\SOURCE\" -I "D:\Dropbox\MAO\Work\TCAM\_wo #
#                          rkspace\ZigBee\EB2530 Material\Ch5                 #
#                          Zstack\7.TempHumdDHT11\ZStack-CC2530-2.3.0-1.4.0\P #
#                          rojects\zstack\Samples\SampleApp\CC2530DB\..\..\.. #
#                          \ZMAIN\TI2530DB\" -I "D:\Dropbox\MAO\Work\TCAM\_wo #
#                          rkspace\ZigBee\EB2530 Material\Ch5                 #
#                          Zstack\7.TempHumdDHT11\ZStack-CC2530-2.3.0-1.4.0\P #
#                          rojects\zstack\Samples\SampleApp\CC2530DB\..\..\.. #
#                          \..\..\COMPONENTS\MT\" -I                          #
#                          "D:\Dropbox\MAO\Work\TCAM\_workspace\ZigBee\EB2530 #
#                           Material\Ch5 Zstack\7.TempHumdDHT11\ZStack-CC2530 #
#                          -2.3.0-1.4.0\Projects\zstack\Samples\SampleApp\CC2 #
#                          530DB\..\..\..\..\..\COMPONENTS\HAL\INCLUDE\" -I   #
#                          "D:\Dropbox\MAO\Work\TCAM\_workspace\ZigBee\EB2530 #
#                           Material\Ch5 Zstack\7.TempHumdDHT11\ZStack-CC2530 #
#                          -2.3.0-1.4.0\Projects\zstack\Samples\SampleApp\CC2 #
#                          530DB\..\..\..\..\..\COMPONENTS\HAL\TARGET\CC2530E #
#                          B\" -I "D:\Dropbox\MAO\Work\TCAM\_workspace\ZigBee #
#                          \EB2530 Material\Ch5 Zstack\7.TempHumdDHT11\ZStack #
#                          -CC2530-2.3.0-1.4.0\Projects\zstack\Samples\Sample #
#                          App\CC2530DB\..\..\..\..\..\COMPONENTS\OSAL\MCU\CC #
#                          SOC\" -I "D:\Dropbox\MAO\Work\TCAM\_workspace\ZigB #
#                          ee\EB2530 Material\Ch5 Zstack\7.TempHumdDHT11\ZSta #
#                          ck-CC2530-2.3.0-1.4.0\Projects\zstack\Samples\Samp #
#                          leApp\CC2530DB\..\..\..\..\..\COMPONENTS\OSAL\INCL #
#                          UDE\" -I "D:\Dropbox\MAO\Work\TCAM\_workspace\ZigB #
#                          ee\EB2530 Material\Ch5 Zstack\7.TempHumdDHT11\ZSta #
#                          ck-CC2530-2.3.0-1.4.0\Projects\zstack\Samples\Samp #
#                          leApp\CC2530DB\..\..\..\..\..\COMPONENTS\STACK\AF\ #
#                          " -I "D:\Dropbox\MAO\Work\TCAM\_workspace\ZigBee\E #
#                          B2530 Material\Ch5 Zstack\7.TempHumdDHT11\ZStack-C #
#                          C2530-2.3.0-1.4.0\Projects\zstack\Samples\SampleAp #
#                          p\CC2530DB\..\..\..\..\..\COMPONENTS\STACK\NWK\"   #
#                          -I "D:\Dropbox\MAO\Work\TCAM\_workspace\ZigBee\EB2 #
#                          530 Material\Ch5 Zstack\7.TempHumdDHT11\ZStack-CC2 #
#                          530-2.3.0-1.4.0\Projects\zstack\Samples\SampleApp\ #
#                          CC2530DB\..\..\..\..\..\COMPONENTS\STACK\SEC\" -I  #
#                          "D:\Dropbox\MAO\Work\TCAM\_workspace\ZigBee\EB2530 #
#                           Material\Ch5 Zstack\7.TempHumdDHT11\ZStack-CC2530 #
#                          -2.3.0-1.4.0\Projects\zstack\Samples\SampleApp\CC2 #
#                          530DB\..\..\..\..\..\COMPONENTS\STACK\SAPI\" -I    #
#                          "D:\Dropbox\MAO\Work\TCAM\_workspace\ZigBee\EB2530 #
#                           Material\Ch5 Zstack\7.TempHumdDHT11\ZStack-CC2530 #
#                          -2.3.0-1.4.0\Projects\zstack\Samples\SampleApp\CC2 #
#                          530DB\..\..\..\..\..\COMPONENTS\STACK\SYS\" -I     #
#                          "D:\Dropbox\MAO\Work\TCAM\_workspace\ZigBee\EB2530 #
#                           Material\Ch5 Zstack\7.TempHumdDHT11\ZStack-CC2530 #
#                          -2.3.0-1.4.0\Projects\zstack\Samples\SampleApp\CC2 #
#                          530DB\..\..\..\..\..\COMPONENTS\STACK\ZDO\" -I     #
#                          "D:\Dropbox\MAO\Work\TCAM\_workspace\ZigBee\EB2530 #
#                           Material\Ch5 Zstack\7.TempHumdDHT11\ZStack-CC2530 #
#                          -2.3.0-1.4.0\Projects\zstack\Samples\SampleApp\CC2 #
#                          530DB\..\..\..\..\..\COMPONENTS\ZMAC\F8W\" -I      #
#                          "D:\Dropbox\MAO\Work\TCAM\_workspace\ZigBee\EB2530 #
#                           Material\Ch5 Zstack\7.TempHumdDHT11\ZStack-CC2530 #
#                          -2.3.0-1.4.0\Projects\zstack\Samples\SampleApp\CC2 #
#                          530DB\..\..\..\..\..\COMPONENTS\ZMAC\" -I          #
#                          "D:\Dropbox\MAO\Work\TCAM\_workspace\ZigBee\EB2530 #
#                           Material\Ch5 Zstack\7.TempHumdDHT11\ZStack-CC2530 #
#                          -2.3.0-1.4.0\Projects\zstack\Samples\SampleApp\CC2 #
#                          530DB\..\..\..\..\..\COMPONENTS\SERVICES\SADDR\"   #
#                          -I "D:\Dropbox\MAO\Work\TCAM\_workspace\ZigBee\EB2 #
#                          530 Material\Ch5 Zstack\7.TempHumdDHT11\ZStack-CC2 #
#                          530-2.3.0-1.4.0\Projects\zstack\Samples\SampleApp\ #
#                          CC2530DB\..\..\..\..\..\COMPONENTS\SERVICES\SDATA\ #
#                          " -I "D:\Dropbox\MAO\Work\TCAM\_workspace\ZigBee\E #
#                          B2530 Material\Ch5 Zstack\7.TempHumdDHT11\ZStack-C #
#                          C2530-2.3.0-1.4.0\Projects\zstack\Samples\SampleAp #
#                          p\CC2530DB\..\..\..\..\..\COMPONENTS\MAC\INCLUDE\" #
#                           -I "D:\Dropbox\MAO\Work\TCAM\_workspace\ZigBee\EB #
#                          2530 Material\Ch5 Zstack\7.TempHumdDHT11\ZStack-CC #
#                          2530-2.3.0-1.4.0\Projects\zstack\Samples\SampleApp #
#                          \CC2530DB\..\..\..\..\..\COMPONENTS\MAC\HIGH_LEVEL #
#                          \" -I "D:\Dropbox\MAO\Work\TCAM\_workspace\ZigBee\ #
#                          EB2530 Material\Ch5 Zstack\7.TempHumdDHT11\ZStack- #
#                          CC2530-2.3.0-1.4.0\Projects\zstack\Samples\SampleA #
#                          pp\CC2530DB\..\..\..\..\..\COMPONENTS\MAC\LOW_LEVE #
#                          L\srf04\" -I "D:\Dropbox\MAO\Work\TCAM\_workspace\ #
#                          ZigBee\EB2530 Material\Ch5                         #
#                          Zstack\7.TempHumdDHT11\ZStack-CC2530-2.3.0-1.4.0\P #
#                          rojects\zstack\Samples\SampleApp\CC2530DB\..\..\.. #
#                          \..\..\COMPONENTS\MAC\LOW_LEVEL\srf04\SINGLE_CHIP\ #
#                          " -Ohz --require_prototypes                        #
#    List file          =  D:\Dropbox\MAO\Work\TCAM\_workspace\ZigBee\EB2530  #
#                          Material\Ch5 Zstack\7.TempHumdDHT11\ZStack-CC2530- #
#                          2.3.0-1.4.0\Projects\zstack\Samples\SampleApp\CC25 #
#                          30DB\CoordinatorEB-Pro\List\SampleApp.lst          #
#    Object file        =  D:\Dropbox\MAO\Work\TCAM\_workspace\ZigBee\EB2530  #
#                          Material\Ch5 Zstack\7.TempHumdDHT11\ZStack-CC2530- #
#                          2.3.0-1.4.0\Projects\zstack\Samples\SampleApp\CC25 #
#                          30DB\CoordinatorEB-Pro\Obj\SampleApp.r51           #
#                                                                             #
#                                                                             #
###############################################################################

D:\Dropbox\MAO\Work\TCAM\_workspace\ZigBee\EB2530 Material\Ch5 Zstack\7.TempHumdDHT11\ZStack-CC2530-2.3.0-1.4.0\Projects\zstack\Samples\SampleApp\Source\SampleApp.c
      1          /**************************************************************************************************
      2            Filename:       SampleApp.c
      3            Revised:        $Date: 2009-03-18 15:56:27 -0700 (Wed, 18 Mar 2009) $
      4            Revision:       $Revision: 19453 $
      5          
      6            Description:    Sample Application (no Profile).
      7          
      8          
      9            Copyright 2007 Texas Instruments Incorporated. All rights reserved.
     10          
     11            IMPORTANT: Your use of this Software is limited to those specific rights
     12            granted under the terms of a software license agreement between the user
     13            who downloaded the software, his/her employer (which must be your employer)
     14            and Texas Instruments Incorporated (the "License").  You may not use this
     15            Software unless you agree to abide by the terms of the License. The License
     16            limits your use, and you acknowledge, that the Software may not be modified,
     17            copied or distributed unless embedded on a Texas Instruments microcontroller
     18            or used solely and exclusively in conjunction with a Texas Instruments radio
     19            frequency transceiver, which is integrated into your product.  Other than for
     20            the foregoing purpose, you may not use, reproduce, copy, prepare derivative
     21            works of, modify, distribute, perform, display or sell this Software and/or
     22            its documentation for any purpose.
     23          
     24            YOU FURTHER ACKNOWLEDGE AND AGREE THAT THE SOFTWARE AND DOCUMENTATION ARE
     25            PROVIDED 揂S IS?WITHOUT WARRANTY OF ANY KIND, EITHER EXPRESS OR IMPLIED,
     26            INCLUDING WITHOUT LIMITATION, ANY WARRANTY OF MERCHANTABILITY, TITLE,
     27            NON-INFRINGEMENT AND FITNESS FOR A PARTICULAR PURPOSE. IN NO EVENT SHALL
     28            TEXAS INSTRUMENTS OR ITS LICENSORS BE LIABLE OR OBLIGATED UNDER CONTRACT,
     29            NEGLIGENCE, STRICT LIABILITY, CONTRIBUTION, BREACH OF WARRANTY, OR OTHER
     30            LEGAL EQUITABLE THEORY ANY DIRECT OR INDIRECT DAMAGES OR EXPENSES
     31            INCLUDING BUT NOT LIMITED TO ANY INCIDENTAL, SPECIAL, INDIRECT, PUNITIVE
     32            OR CONSEQUENTIAL DAMAGES, LOST PROFITS OR LOST DATA, COST OF PROCUREMENT
     33            OF SUBSTITUTE GOODS, TECHNOLOGY, SERVICES, OR ANY CLAIMS BY THIRD PARTIES
     34            (INCLUDING BUT NOT LIMITED TO ANY DEFENSE THEREOF), OR OTHER SIMILAR COSTS.
     35          
     36            Should you have any questions regarding your right to use this Software,
     37            contact Texas Instruments Incorporated at www.TI.com.
     38          **************************************************************************************************/
     39          
     40          /*********************************************************************
     41            This application isn't intended to do anything useful, it is
     42            intended to be a simple example of an application's structure.
     43          
     44            This application sends it's messages either as broadcast or
     45            broadcast filtered group messages.  The other (more normal)
     46            message addressing is unicast.  Most of the other sample
     47            applications are written to support the unicast message model.
     48          
     49            Key control:
     50              SW1:  Sends a flash command to all devices in Group 1.
     51              SW2:  Adds/Removes (toggles) this device in and out
     52                    of Group 1.  This will enable and disable the
     53                    reception of the flash command.
     54          *********************************************************************/
     55          
     56          /*********************************************************************
     57           * INCLUDES
     58           */
     59          #include "OSAL.h"
     60          #include "ZGlobals.h"
     61          #include "AF.h"
     62          #include "aps_groups.h"
     63          #include "ZDApp.h"
     64          
     65          #include "SampleApp.h"
     66          #include "SampleAppHw.h"
     67          
     68          #include "OnBoard.h"

   \                                 In  segment SFR_AN, at 0xf3
   \   unsigned char volatile __sfr P0SEL
   \                     P0SEL:
   \   000000                DS 1
     69          
     70          /* HAL */
     71          #include "hal_lcd.h"
     72          #include "hal_led.h"
     73          #include "hal_key.h"
     74          #include "MT_UART.h"
     75          #include "MT_APP.h"
     76          #include "MT.h"
     77          #include "DHT11.h"
     78          
     79          
     80          /*********************************************************************
     81           * MACROS
     82           */
     83          
     84          /*********************************************************************
     85           * CONSTANTS
     86           */
     87          
     88          /*********************************************************************
     89           * TYPEDEFS
     90           */
     91          
     92          /*********************************************************************
     93           * GLOBAL VARIABLES
     94           */
     95          
     96          // This list should be filled with Application specific Cluster IDs.

   \                                 In  segment XDATA_ROM_C, align 1
     97          const cId_t SampleApp_ClusterList[SAMPLEAPP_MAX_CLUSTERS] =
   \                     SampleApp_ClusterList:
   \   000000   0100         DW 1
   \   000002   0200         DW 2
     98          {
     99            SAMPLEAPP_PERIODIC_CLUSTERID,
    100            SAMPLEAPP_FLASH_CLUSTERID
    101          };
    102          

   \                                 In  segment XDATA_ROM_C, align 1
    103          const SimpleDescriptionFormat_t SampleApp_SimpleDesc =
   \                     SampleApp_SimpleDesc:
   \   000000   14           DB 20
   \   000001   080F         DW 3848
   \   000003   0100         DW 1
   \   000005   00           DB 0
   \   000006   02           DB 2
   \   000007   ....         DW SampleApp_ClusterList
   \   000009   02           DB 2
   \   00000A   ....         DW SampleApp_ClusterList
    104          {
    105            SAMPLEAPP_ENDPOINT,              //  int Endpoint;
    106            SAMPLEAPP_PROFID,                //  uint16 AppProfId[2];
    107            SAMPLEAPP_DEVICEID,              //  uint16 AppDeviceId[2];
    108            SAMPLEAPP_DEVICE_VERSION,        //  int   AppDevVer:4;
    109            SAMPLEAPP_FLAGS,                 //  int   AppFlags:4;
    110            SAMPLEAPP_MAX_CLUSTERS,          //  uint8  AppNumInClusters;
    111            (cId_t *)SampleApp_ClusterList,  //  uint8 *pAppInClusterList;
    112            SAMPLEAPP_MAX_CLUSTERS,          //  uint8  AppNumInClusters;
    113            (cId_t *)SampleApp_ClusterList   //  uint8 *pAppInClusterList;
    114          };
    115          
    116          // This is the Endpoint/Interface description.  It is defined here, but
    117          // filled-in in SampleApp_Init().  Another way to go would be to fill
    118          // in the structure here and make it a "const" (in code space).  The
    119          // way it's defined in this sample app it is define in RAM.

   \                                 In  segment XDATA_Z, align 1, keep-with-next
    120          endPointDesc_t SampleApp_epDesc;
   \                     SampleApp_epDesc:
   \   000000                DS 6
   \   000006                REQUIRE __INIT_XDATA_Z
    121          
    122          /*********************************************************************
    123           * EXTERNAL VARIABLES
    124           */
    125          
    126          /*********************************************************************
    127           * EXTERNAL FUNCTIONS
    128           */
    129          
    130          /*********************************************************************
    131           * LOCAL VARIABLES
    132           */

   \                                 In  segment XDATA_Z, align 1, keep-with-next
    133          uint8 SampleApp_TaskID;   // Task ID for internal task/event processing
   \                     SampleApp_TaskID:
   \   000000                DS 1
   \   000001                REQUIRE __INIT_XDATA_Z
    134                                    // This variable will be received when
    135                                    // SampleApp_Init() is called.

   \                                 In  segment XDATA_Z, align 1, keep-with-next
    136          devStates_t SampleApp_NwkState;
   \                     SampleApp_NwkState:
   \   000000                DS 1
   \   000001                REQUIRE __INIT_XDATA_Z
    137          

   \                                 In  segment XDATA_Z, align 1, keep-with-next
    138          uint8 SampleApp_TransID;  // This is the unique message ID (counter)
   \                     SampleApp_TransID:
   \   000000                DS 1
   \   000001                REQUIRE __INIT_XDATA_Z
    139          

   \                                 In  segment XDATA_Z, align 1, keep-with-next
    140          afAddrType_t SampleApp_Periodic_DstAddr; //广播
   \                     SampleApp_Periodic_DstAddr:
   \   000000                DS 12
   \   00000C                REQUIRE __INIT_XDATA_Z

   \                                 In  segment XDATA_Z, align 1, keep-with-next
    141          afAddrType_t SampleApp_Flash_DstAddr;    //组播
   \                     SampleApp_Flash_DstAddr:
   \   000000                DS 12
   \   00000C                REQUIRE __INIT_XDATA_Z

   \                                 In  segment XDATA_Z, align 1, keep-with-next
    142          afAddrType_t SampleApp_P2P_DstAddr;      //点播
   \                     SampleApp_P2P_DstAddr:
   \   000000                DS 12
   \   00000C                REQUIRE __INIT_XDATA_Z
    143          

   \                                 In  segment XDATA_Z, align 1, keep-with-next
    144          aps_Group_t SampleApp_Group;
   \                     SampleApp_Group:
   \   000000                DS 18
   \   000012                REQUIRE __INIT_XDATA_Z
    145          

   \                                 In  segment XDATA_Z, align 1, keep-with-next
    146          uint8 SampleAppPeriodicCounter = 0;
   \                     SampleAppPeriodicCounter:
   \   000000                DS 1
   \   000001                REQUIRE __INIT_XDATA_Z

   \                                 In  segment XDATA_Z, align 1, keep-with-next
    147          uint8 SampleAppFlashCounter = 0;
   \                     SampleAppFlashCounter:
   \   000000                DS 1
   \   000001                REQUIRE __INIT_XDATA_Z
    148          
    149          /*********************************************************************
    150           * LOCAL FUNCTIONS
    151           */
    152          void SampleApp_HandleKeys( uint8 shift, uint8 keys );
    153          void SampleApp_MessageMSGCB( afIncomingMSGPacket_t *pckt );
    154          void SampleApp_SendPeriodicMessage( void );
    155          void SampleApp_SendFlashMessage( uint16 flashTime );
    156          void SampleApp_Send_P2P_Message(void);
    157          /*********************************************************************
    158           * NETWORK LAYER CALLBACKS
    159           */
    160          
    161          /*********************************************************************
    162           * PUBLIC FUNCTIONS
    163           */
    164          
    165          /*********************************************************************
    166           * @fn      SampleApp_Init
    167           *
    168           * @brief   Initialization function for the Generic App Task.
    169           *          This is called during initialization and should contain
    170           *          any application specific initialization (ie. hardware
    171           *          initialization/setup, table initialization, power up
    172           *          notificaiton ... ).
    173           *
    174           * @param   task_id - the ID assigned by OSAL.  This ID should be
    175           *                    used to send messages and set timers.
    176           *
    177           * @return  none
    178           */

   \                                 In  segment BANKED_CODE, align 1, keep-with-next
    179          void SampleApp_Init( uint8 task_id )
   \                     SampleApp_Init:
    180          { 
   \   000000   74F5         MOV     A,#-0xb
   \   000002   12....       LCALL   ?BANKED_ENTER_XDATA
   \   000005                ; Saved register size: 11
   \   000005                ; Auto size: 0
   \   000005   E9           MOV     A,R1
   \   000006   FE           MOV     R6,A
    181            SampleApp_TaskID = task_id;
   \   000007   90....       MOV     DPTR,#SampleApp_TaskID
   \   00000A   F0           MOVX    @DPTR,A
    182            SampleApp_NwkState = DEV_INIT;
   \   00000B   90....       MOV     DPTR,#SampleApp_NwkState
   \   00000E   7401         MOV     A,#0x1
   \   000010   F0           MOVX    @DPTR,A
    183            SampleApp_TransID = 0;
   \   000011   90....       MOV     DPTR,#SampleApp_TransID
   \   000014   E4           CLR     A
   \   000015   F0           MOVX    @DPTR,A
    184            
    185            MT_UartInit();                  //串口初始化
   \   000016                ; Setup parameters for call to function MT_UartInit
   \   000016   12....       LCALL   ??MT_UartInit?relay
    186            MT_UartRegisterTaskID(task_id); //注册串口任务
   \   000019                ; Setup parameters for call to function MT_UartRegisterTaskID
   \   000019   EE           MOV     A,R6
   \   00001A   F9           MOV     R1,A
   \   00001B   12....       LCALL   ??MT_UartRegisterTaskID?relay
    187            P0SEL &= 0x7f;                  //P0_7配置成通用io
   \   00001E   53F37F       ANL     0xf3,#0x7f
    188            
    189            // Device hardware initialization can be added here or in main() (Zmain.c).
    190            // If the hardware is application specific - add it here.
    191            // If the hardware is other parts of the device add it in main().
    192          
    193           #if defined ( BUILD_ALL_DEVICES )
    194            // The "Demo" target is setup to have BUILD_ALL_DEVICES and HOLD_AUTO_START
    195            // We are looking at a jumper (defined in SampleAppHw.c) to be jumpered
    196            // together - if they are - we will start up a coordinator. Otherwise,
    197            // the device will start as a router.
    198            if ( readCoordinatorJumper() )
    199              zgDeviceLogicalType = ZG_DEVICETYPE_COORDINATOR;
    200            else
    201              zgDeviceLogicalType = ZG_DEVICETYPE_ROUTER;
    202          #endif // BUILD_ALL_DEVICES
    203          
    204          #if defined ( HOLD_AUTO_START )
    205            // HOLD_AUTO_START is a compile option that will surpress ZDApp
    206            //  from starting the device and wait for the application to
    207            //  start the device.
    208            ZDOInitDevice(0);
    209          #endif
    210          
    211            // Setup for the periodic message's destination address
    212            // Broadcast to everyone
    213            SampleApp_Periodic_DstAddr.addrMode = (afAddrMode_t)AddrBroadcast;
   \   000021   90....       MOV     DPTR,#SampleApp_Periodic_DstAddr + 8
   \   000024   740F         MOV     A,#0xf
   \   000026   F0           MOVX    @DPTR,A
    214            SampleApp_Periodic_DstAddr.endPoint = SAMPLEAPP_ENDPOINT;
   \   000027   A3           INC     DPTR
   \   000028   7414         MOV     A,#0x14
   \   00002A   F0           MOVX    @DPTR,A
    215            SampleApp_Periodic_DstAddr.addr.shortAddr = 0xFFFF;
   \   00002B   90....       MOV     DPTR,#SampleApp_Periodic_DstAddr
   \   00002E   74FF         MOV     A,#-0x1
   \   000030   F0           MOVX    @DPTR,A
   \   000031   A3           INC     DPTR
   \   000032   F0           MOVX    @DPTR,A
    216          
    217            // Setup for the flash command's destination address - Group 1
    218            SampleApp_Flash_DstAddr.addrMode = (afAddrMode_t)afAddrGroup;
   \   000033   90....       MOV     DPTR,#SampleApp_Flash_DstAddr + 8
   \   000036   7401         MOV     A,#0x1
   \   000038   F0           MOVX    @DPTR,A
    219            SampleApp_Flash_DstAddr.endPoint = SAMPLEAPP_ENDPOINT;
   \   000039   A3           INC     DPTR
   \   00003A   7414         MOV     A,#0x14
   \   00003C   F0           MOVX    @DPTR,A
    220            SampleApp_Flash_DstAddr.addr.shortAddr = SAMPLEAPP_FLASH_GROUP;
   \   00003D   90....       MOV     DPTR,#SampleApp_Flash_DstAddr
   \   000040   7401         MOV     A,#0x1
   \   000042   F0           MOVX    @DPTR,A
   \   000043   A3           INC     DPTR
   \   000044   E4           CLR     A
   \   000045   F0           MOVX    @DPTR,A
    221            
    222            SampleApp_P2P_DstAddr.addrMode = (afAddrMode_t)Addr16Bit; //点播 
   \   000046   90....       MOV     DPTR,#SampleApp_P2P_DstAddr + 8
   \   000049   7402         MOV     A,#0x2
   \   00004B   F0           MOVX    @DPTR,A
    223            SampleApp_P2P_DstAddr.endPoint = SAMPLEAPP_ENDPOINT; 
   \   00004C   A3           INC     DPTR
   \   00004D   7414         MOV     A,#0x14
   \   00004F   F0           MOVX    @DPTR,A
    224            SampleApp_P2P_DstAddr.addr.shortAddr = 0x0000;            //发给协调器
   \   000050   90....       MOV     DPTR,#SampleApp_P2P_DstAddr
   \   000053   E4           CLR     A
   \   000054   F0           MOVX    @DPTR,A
   \   000055   A3           INC     DPTR
   \   000056   F0           MOVX    @DPTR,A
    225          
    226            // Fill out the endpoint description.
    227            SampleApp_epDesc.endPoint = SAMPLEAPP_ENDPOINT;
   \   000057   90....       MOV     DPTR,#SampleApp_epDesc
   \   00005A   7414         MOV     A,#0x14
   \   00005C   F0           MOVX    @DPTR,A
    228            SampleApp_epDesc.task_id = &SampleApp_TaskID;
   \   00005D   A3           INC     DPTR
   \   00005E   74..         MOV     A,#SampleApp_TaskID & 0xff
   \   000060   F0           MOVX    @DPTR,A
   \   000061   A3           INC     DPTR
   \   000062   74..         MOV     A,#(SampleApp_TaskID >> 8) & 0xff
   \   000064   F0           MOVX    @DPTR,A
    229            SampleApp_epDesc.simpleDesc
    230                      = (SimpleDescriptionFormat_t *)&SampleApp_SimpleDesc;
   \   000065   A3           INC     DPTR
   \   000066   74..         MOV     A,#SampleApp_SimpleDesc & 0xff
   \   000068   F0           MOVX    @DPTR,A
   \   000069   A3           INC     DPTR
   \   00006A   74..         MOV     A,#(SampleApp_SimpleDesc >> 8) & 0xff
   \   00006C   F0           MOVX    @DPTR,A
    231            SampleApp_epDesc.latencyReq = noLatencyReqs;
   \   00006D   A3           INC     DPTR
   \   00006E   E4           CLR     A
   \   00006F   F0           MOVX    @DPTR,A
    232          
    233            // Register the endpoint description with the AF
    234            afRegister( &SampleApp_epDesc );
   \   000070                ; Setup parameters for call to function afRegister
   \   000070   7A..         MOV     R2,#SampleApp_epDesc & 0xff
   \   000072   7B..         MOV     R3,#(SampleApp_epDesc >> 8) & 0xff
   \   000074   12....       LCALL   ??afRegister?relay
    235          
    236            // Register for all key events - This app will handle all key events
    237            RegisterForKeys( SampleApp_TaskID );
   \   000077                ; Setup parameters for call to function RegisterForKeys
   \   000077   90....       MOV     DPTR,#SampleApp_TaskID
   \   00007A   E0           MOVX    A,@DPTR
   \   00007B   F9           MOV     R1,A
   \   00007C   12....       LCALL   ??RegisterForKeys?relay
    238          
    239            // By default, all devices start out in Group 1
    240            SampleApp_Group.ID = 0x0001;
   \   00007F   90....       MOV     DPTR,#SampleApp_Group
   \   000082   7401         MOV     A,#0x1
   \   000084   F0           MOVX    @DPTR,A
   \   000085   A3           INC     DPTR
   \   000086   E4           CLR     A
   \   000087   F0           MOVX    @DPTR,A
    241            osal_memcpy( SampleApp_Group.name, "Group 1", 7 );
   \   000088                ; Setup parameters for call to function osal_memcpy
   \   000088   75....       MOV     ?V0 + 0,#`?<Constant "Group 1">` & 0xff
   \   00008B   75....       MOV     ?V0 + 1,#(`?<Constant "Group 1">` >> 8) & 0xff
   \   00008E   F5..         MOV     ?V0 + 2,A
   \   000090   78..         MOV     R0,#?V0 + 0
   \   000092   12....       LCALL   ?PUSH_XSTACK_I_THREE
   \   000095   7C07         MOV     R4,#0x7
   \   000097   7D00         MOV     R5,#0x0
   \   000099   7A..         MOV     R2,#(SampleApp_Group + 2) & 0xff
   \   00009B   7B..         MOV     R3,#((SampleApp_Group + 2) >> 8) & 0xff
   \   00009D   12....       LCALL   ??Subroutine6_0 & 0xFFFF
   \                     ??CrossCallReturnLabel_5:
   \   0000A0   12....       LCALL   ?DEALLOC_XSTACK8
    242            aps_AddGroup( SAMPLEAPP_ENDPOINT, &SampleApp_Group );
   \   0000A3                ; Setup parameters for call to function aps_AddGroup
   \   0000A3   7A..         MOV     R2,#SampleApp_Group & 0xff
   \   0000A5   7B..         MOV     R3,#(SampleApp_Group >> 8) & 0xff
   \   0000A7   7914         MOV     R1,#0x14
   \   0000A9   12....       LCALL   ??aps_AddGroup?relay
    243          
    244          #if defined ( LCD_SUPPORTED )
    245            HalLcdWriteString( "SampleApp", HAL_LCD_LINE_1 );
   \   0000AC                ; Setup parameters for call to function HalLcdWriteString
   \   0000AC   7901         MOV     R1,#0x1
   \   0000AE   7A..         MOV     R2,#`?<Constant "SampleApp">` & 0xff
   \   0000B0   7B..         MOV     R3,#(`?<Constant "SampleApp">` >> 8) & 0xff
   \   0000B2   12....       LCALL   ??HalLcdWriteString?relay
    246          #endif
    247          }
   \   0000B5                REQUIRE ?Subroutine0
   \   0000B5                REQUIRE P0SEL
   \   0000B5                ; // Fall through to label ?Subroutine0

   \                                 In  segment BANKED_CODE, align 1, keep-with-next
   \                     ?Subroutine0:
   \   000000   7F03         MOV     R7,#0x3
   \   000002   02....       LJMP    ?BANKED_LEAVE_XDATA

   \                                 In  segment BANKED_CODE, align 1, keep-with-next
   \                     ??Subroutine6_0:
   \   000000   12....       LCALL   ??osal_memcpy?relay
   \   000003   7403         MOV     A,#0x3
   \   000005   22           RET
    248          
    249          /*********************************************************************
    250           * @fn      SampleApp_ProcessEvent
    251           *
    252           * @brief   Generic Application Task event processor.  This function
    253           *          is called to process all events for the task.  Events
    254           *          include timers, messages and any other user defined events.
    255           *
    256           * @param   task_id  - The OSAL assigned task ID.
    257           * @param   events - events to process.  This is a bit map and can
    258           *                   contain more than one event.
    259           *
    260           * @return  none
    261           */

   \                                 In  segment BANKED_CODE, align 1, keep-with-next
    262          uint16 SampleApp_ProcessEvent( uint8 task_id, uint16 events )
   \                     SampleApp_ProcessEvent:
    263          {
   \   000000   74F4         MOV     A,#-0xc
   \   000002   12....       LCALL   ?BANKED_ENTER_XDATA
   \   000005                ; Saved register size: 12
   \   000005                ; Auto size: 0
   \   000005   EA           MOV     A,R2
   \   000006   FE           MOV     R6,A
   \   000007   EB           MOV     A,R3
   \   000008   FF           MOV     R7,A
    264            afIncomingMSGPacket_t *MSGpkt;
    265            (void)task_id;  // Intentionally unreferenced parameter
    266          
    267            if ( events & SYS_EVENT_MSG )
   \   000009   5480         ANL     A,#0x80
   \   00000B   6074         JZ      ??SampleApp_ProcessEvent_0
    268            {
    269              MSGpkt = (afIncomingMSGPacket_t *)osal_msg_receive( SampleApp_TaskID );
   \   00000D                ; Setup parameters for call to function osal_msg_receive
   \   00000D   8026         SJMP    ??SampleApp_ProcessEvent_1
    270              while ( MSGpkt )
    271              {
    272                switch ( MSGpkt->hdr.event )
    273                {
    274                  // Received when a key is pressed
    275                  case KEY_CHANGE:
    276                    SampleApp_HandleKeys( ((keyChange_t *)MSGpkt)->state, ((keyChange_t *)MSGpkt)->keys );
    277                    break;
    278          
    279                  // Received when a messages is received (OTA) for this endpoint
    280                  case AF_INCOMING_MSG_CMD:
    281                    SampleApp_MessageMSGCB( MSGpkt );
    282                    break;
    283          
    284                  // Received whenever the device changes state in the network
    285                  case ZDO_STATE_CHANGE:
    286                    SampleApp_NwkState = (devStates_t)(MSGpkt->hdr.status);
   \                     ??SampleApp_ProcessEvent_2:
   \   00000F   A3           INC     DPTR
   \   000010   E0           MOVX    A,@DPTR
   \   000011   90....       MOV     DPTR,#SampleApp_NwkState
   \   000014   F0           MOVX    @DPTR,A
    287                    if ( //(SampleApp_NwkState == DEV_ZB_COORD) ||
    288                           (SampleApp_NwkState == DEV_ROUTER)
    289                        || (SampleApp_NwkState == DEV_END_DEVICE) )
   \   000015   6407         XRL     A,#0x7
   \   000017   6005         JZ      ??SampleApp_ProcessEvent_3
   \   000019   E0           MOVX    A,@DPTR
   \   00001A   6406         XRL     A,#0x6
   \   00001C   7010         JNZ     ??SampleApp_ProcessEvent_4
    290                    {
    291                      // Start sending the periodic message in a regular interval.
    292                      osal_start_timerEx( SampleApp_TaskID,
    293                                        SAMPLEAPP_SEND_PERIODIC_MSG_EVT,
    294                                        SAMPLEAPP_SEND_PERIODIC_MSG_TIMEOUT );
   \                     ??SampleApp_ProcessEvent_3:
   \   00001E                ; Setup parameters for call to function osal_start_timerEx
   \   00001E   7CB8         MOV     R4,#-0x48
   \   000020   7D0B         MOV     R5,#0xb
   \   000022   7A01         MOV     R2,#0x1
   \   000024   7B00         MOV     R3,#0x0
   \   000026   90....       MOV     DPTR,#SampleApp_TaskID
   \   000029   E0           MOVX    A,@DPTR
   \   00002A   F9           MOV     R1,A
   \   00002B   12....       LCALL   ??osal_start_timerEx?relay
    295                    }
    296                    else
    297                    {
    298                      // Device is no longer in the network
    299                    }
    300                    break;
    301          
    302                  default:
    303                    break;
    304                }
    305          
    306                // Release the memory
    307                osal_msg_deallocate( (uint8 *)MSGpkt );
   \                     ??SampleApp_ProcessEvent_4:
   \   00002E                ; Setup parameters for call to function osal_msg_deallocate
   \   00002E   AA..         MOV     R2,?V0 + 0
   \   000030   AB..         MOV     R3,?V0 + 1
   \   000032   12....       LCALL   ??osal_msg_deallocate?relay
    308          
    309                // Next - if one is available
    310                MSGpkt = (afIncomingMSGPacket_t *)osal_msg_receive( SampleApp_TaskID );
   \   000035                ; Setup parameters for call to function osal_msg_receive
   \                     ??SampleApp_ProcessEvent_1:
   \   000035   90....       MOV     DPTR,#SampleApp_TaskID
   \   000038   E0           MOVX    A,@DPTR
   \   000039   F9           MOV     R1,A
   \   00003A   12....       LCALL   ??osal_msg_receive?relay
   \   00003D   8A..         MOV     ?V0 + 0,R2
   \   00003F   8B..         MOV     ?V0 + 1,R3
   \   000041   E5..         MOV     A,?V0 + 0
   \   000043   45..         ORL     A,?V0 + 1
   \   000045   6032         JZ      ??SampleApp_ProcessEvent_5
   \   000047   85..82       MOV     DPL,?V0 + 0
   \   00004A   85..83       MOV     DPH,?V0 + 1
   \   00004D   E0           MOVX    A,@DPTR
   \   00004E   24E6         ADD     A,#-0x1a
   \   000050   601E         JZ      ??SampleApp_ProcessEvent_6
   \   000052   245A         ADD     A,#0x5a
   \   000054   6006         JZ      ??SampleApp_ProcessEvent_7
   \   000056   24EF         ADD     A,#-0x11
   \   000058   60B5         JZ      ??SampleApp_ProcessEvent_2
   \   00005A   80D2         SJMP    ??SampleApp_ProcessEvent_4
   \                     ??SampleApp_ProcessEvent_7:
   \   00005C                ; Setup parameters for call to function SampleApp_HandleKeys
   \   00005C   A3           INC     DPTR
   \   00005D   A3           INC     DPTR
   \   00005E   A3           INC     DPTR
   \   00005F   E0           MOVX    A,@DPTR
   \   000060   FA           MOV     R2,A
   \   000061   85..82       MOV     DPL,?V0 + 0
   \   000064   85..83       MOV     DPH,?V0 + 1
   \   000067   A3           INC     DPTR
   \   000068   A3           INC     DPTR
   \   000069   E0           MOVX    A,@DPTR
   \   00006A   F9           MOV     R1,A
   \   00006B   12....       LCALL   ??SampleApp_HandleKeys?relay
   \   00006E   80BE         SJMP    ??SampleApp_ProcessEvent_4
   \                     ??SampleApp_ProcessEvent_6:
   \   000070                ; Setup parameters for call to function SampleApp_MessageMSGCB
   \   000070   AA..         MOV     R2,?V0 + 0
   \   000072   AB..         MOV     R3,?V0 + 1
   \   000074   12....       LCALL   ??SampleApp_MessageMSGCB?relay
   \   000077   80B5         SJMP    ??SampleApp_ProcessEvent_4
    311              }
    312          
    313              // return unprocessed events
    314              return (events ^ SYS_EVENT_MSG);
   \                     ??SampleApp_ProcessEvent_5:
   \   000079   EE           MOV     A,R6
   \   00007A   FA           MOV     R2,A
   \   00007B   EF           MOV     A,R7
   \   00007C   6480         XRL     A,#0x80
   \                     ??SampleApp_ProcessEvent_8:
   \   00007E   FB           MOV     R3,A
   \   00007F   802A         SJMP    ??SampleApp_ProcessEvent_9
    315            }
    316          
    317            // Send a message out - This event is generated by a timer
    318            //  (setup in SampleApp_Init()).
    319            if ( events & SAMPLEAPP_SEND_PERIODIC_MSG_EVT )
   \                     ??SampleApp_ProcessEvent_0:
   \   000081   EE           MOV     A,R6
   \   000082   A2E0         MOV     C,0xE0 /* A   */.0
   \   000084   5021         JNC     ??SampleApp_ProcessEvent_10
    320            {
    321              // Send the periodic message
    322              //SampleApp_SendPeriodicMessage();
    323              SampleApp_Send_P2P_Message();
   \   000086                ; Setup parameters for call to function SampleApp_Send_P2P_Message
   \   000086   12....       LCALL   ??SampleApp_Send_P2P_Message?relay
    324          
    325              // Setup to send message again in normal period (+ a little jitter)
    326              osal_start_timerEx( SampleApp_TaskID, SAMPLEAPP_SEND_PERIODIC_MSG_EVT,
    327                  (SAMPLEAPP_SEND_PERIODIC_MSG_TIMEOUT + (osal_rand() & 0x00FF)) );
   \   000089                ; Setup parameters for call to function osal_rand
   \   000089   12....       LCALL   ??osal_rand?relay
   \   00008C                ; Setup parameters for call to function osal_start_timerEx
   \   00008C   EA           MOV     A,R2
   \   00008D   24B8         ADD     A,#-0x48
   \   00008F   FC           MOV     R4,A
   \   000090   E4           CLR     A
   \   000091   340B         ADDC    A,#0xb
   \   000093   FD           MOV     R5,A
   \   000094   7A01         MOV     R2,#0x1
   \   000096   7B00         MOV     R3,#0x0
   \   000098   90....       MOV     DPTR,#SampleApp_TaskID
   \   00009B   E0           MOVX    A,@DPTR
   \   00009C   F9           MOV     R1,A
   \   00009D   12....       LCALL   ??osal_start_timerEx?relay
    328          
    329              // return unprocessed events
    330              return (events ^ SAMPLEAPP_SEND_PERIODIC_MSG_EVT);
   \   0000A0   EE           MOV     A,R6
   \   0000A1   6401         XRL     A,#0x1
   \   0000A3   FA           MOV     R2,A
   \   0000A4   EF           MOV     A,R7
   \   0000A5   80D7         SJMP    ??SampleApp_ProcessEvent_8
    331            }
    332          
    333            // Discard unknown events
    334            return 0;
   \                     ??SampleApp_ProcessEvent_10:
   \   0000A7   7A00         MOV     R2,#0x0
   \   0000A9   7B00         MOV     R3,#0x0
   \                     ??SampleApp_ProcessEvent_9:
   \   0000AB                REQUIRE ?Subroutine1
   \   0000AB                ; // Fall through to label ?Subroutine1
    335          }

   \                                 In  segment BANKED_CODE, align 1, keep-with-next
   \                     ?Subroutine1:
   \   000000   7F04         MOV     R7,#0x4
   \   000002   02....       LJMP    ?BANKED_LEAVE_XDATA
    336          
    337          /*********************************************************************
    338           * Event Generation Functions
    339           */
    340          /*********************************************************************
    341           * @fn      SampleApp_HandleKeys
    342           *
    343           * @brief   Handles all key events for this device.
    344           *
    345           * @param   shift - true if in shift/alt.
    346           * @param   keys - bit field for key events. Valid entries:
    347           *                 HAL_KEY_SW_2
    348           *                 HAL_KEY_SW_1
    349           *
    350           * @return  none
    351           */

   \                                 In  segment BANKED_CODE, align 1, keep-with-next
    352          void SampleApp_HandleKeys( uint8 shift, uint8 keys )
   \                     SampleApp_HandleKeys:
    353          {
   \   000000   74F6         MOV     A,#-0xa
   \   000002   12....       LCALL   ?BANKED_ENTER_XDATA
   \   000005                ; Saved register size: 10
   \   000005                ; Auto size: 0
   \   000005   EA           MOV     A,R2
   \   000006   FE           MOV     R6,A
    354            (void)shift;  // Intentionally unreferenced parameter
    355            
    356            if ( keys & HAL_KEY_SW_1 )
   \   000007   A2E0         MOV     C,0xE0 /* A   */.0
   \   000009   5007         JNC     ??SampleApp_HandleKeys_0
    357            {
    358              /* This key sends the Flash Command is sent to Group 1.
    359               * This device will not receive the Flash Command from this
    360               * device (even if it belongs to group 1).
    361               */
    362              SampleApp_SendFlashMessage( SAMPLEAPP_FLASH_DURATION );
   \   00000B                ; Setup parameters for call to function SampleApp_SendFlashMessage
   \   00000B   7AE8         MOV     R2,#-0x18
   \   00000D   7B03         MOV     R3,#0x3
   \   00000F   12....       LCALL   ??SampleApp_SendFlashMessage?relay
    363            }
    364          
    365            if ( keys & HAL_KEY_SW_2 )
   \                     ??SampleApp_HandleKeys_0:
   \   000012   EE           MOV     A,R6
   \   000013   A2E1         MOV     C,0xE0 /* A   */.1
   \   000015   5024         JNC     ??SampleApp_HandleKeys_1
    366            {
    367              /* The Flashr Command is sent to Group 1.
    368               * This key toggles this device in and out of group 1.
    369               * If this device doesn't belong to group 1, this application
    370               * will not receive the Flash command sent to group 1.
    371               */
    372              aps_Group_t *grp;
    373              grp = aps_FindGroup( SAMPLEAPP_ENDPOINT, SAMPLEAPP_FLASH_GROUP );
    374              if ( grp )
   \   000017                ; Setup parameters for call to function aps_FindGroup
   \   000017   7A01         MOV     R2,#0x1
   \   000019   7B00         MOV     R3,#0x0
   \   00001B   7914         MOV     R1,#0x14
   \   00001D   12....       LCALL   ??aps_FindGroup?relay
   \   000020   8B..         MOV     ?V0 + 1,R3
   \   000022   EA           MOV     A,R2
   \   000023   45..         ORL     A,?V0 + 1
   \   000025   600B         JZ      ??SampleApp_HandleKeys_2
    375              {
    376                // Remove from the group
    377                aps_RemoveGroup( SAMPLEAPP_ENDPOINT, SAMPLEAPP_FLASH_GROUP );
   \   000027                ; Setup parameters for call to function aps_RemoveGroup
   \   000027   7A01         MOV     R2,#0x1
   \   000029   7B00         MOV     R3,#0x0
   \   00002B   7914         MOV     R1,#0x14
   \   00002D   12....       LCALL   ??aps_RemoveGroup?relay
   \   000030   8009         SJMP    ??SampleApp_HandleKeys_1
    378              }
    379              else
    380              {
    381                // Add to the flash group
    382                aps_AddGroup( SAMPLEAPP_ENDPOINT, &SampleApp_Group );
   \                     ??SampleApp_HandleKeys_2:
   \   000032                ; Setup parameters for call to function aps_AddGroup
   \   000032   7A..         MOV     R2,#SampleApp_Group & 0xff
   \   000034   7B..         MOV     R3,#(SampleApp_Group >> 8) & 0xff
   \   000036   7914         MOV     R1,#0x14
   \   000038   12....       LCALL   ??aps_AddGroup?relay
    383              }
    384            }
    385          }
   \                     ??SampleApp_HandleKeys_1:
   \   00003B   02....       LJMP    ??Subroutine5_0 & 0xFFFF

   \                                 In  segment BANKED_CODE, align 1, keep-with-next
   \                     ??Subroutine5_0:
   \   000000   7F02         MOV     R7,#0x2
   \   000002   02....       LJMP    ?BANKED_LEAVE_XDATA
    386          
    387          /*********************************************************************
    388           * LOCAL FUNCTIONS
    389           */
    390          
    391          /*********************************************************************
    392           * @fn      SampleApp_MessageMSGCB
    393           *
    394           * @brief   Data message processor callback.  This function processes
    395           *          any incoming data - probably from other devices.  So, based
    396           *          on cluster ID, perform the intended action.
    397           *
    398           * @param   none
    399           *
    400           * @return  none
    401           */

   \                                 In  segment BANKED_CODE, align 1, keep-with-next
    402          void SampleApp_MessageMSGCB( afIncomingMSGPacket_t *pkt )
   \                     SampleApp_MessageMSGCB:
    403          {
   \   000000   74F4         MOV     A,#-0xc
   \   000002   12....       LCALL   ?BANKED_ENTER_XDATA
   \   000005                ; Saved register size: 12
   \   000005                ; Auto size: 0
   \   000005   EA           MOV     A,R2
   \   000006   FE           MOV     R6,A
   \   000007   EB           MOV     A,R3
   \   000008   FF           MOV     R7,A
    404            uint16 flashTime;
    405          
    406            switch ( pkt->clusterId )
   \   000009   EE           MOV     A,R6
   \   00000A   2421         ADD     A,#0x21
   \   00000C   F5..         MOV     ?V0 + 0,A
   \   00000E   EF           MOV     A,R7
   \   00000F   3400         ADDC    A,#0x0
   \   000011   F5..         MOV     ?V0 + 1,A
   \   000013   8E82         MOV     DPL,R6
   \   000015   8F83         MOV     DPH,R7
   \   000017   A3           INC     DPTR
   \   000018   A3           INC     DPTR
   \   000019   A3           INC     DPTR
   \   00001A   A3           INC     DPTR
   \   00001B   E0           MOVX    A,@DPTR
   \   00001C   F5..         MOV     ?V0 + 2,A
   \   00001E   A3           INC     DPTR
   \   00001F   E0           MOVX    A,@DPTR
   \   000020   F5..         MOV     ?V0 + 3,A
   \   000022   78..         MOV     R0,#?V0 + 2
   \   000024   12....       LCALL   ?US_SWITCH_DENSE
   \                     `?<Jumptable for SampleApp_MessageMSGCB>_0`:
   \   000027   0200         DW        2
   \   000029   02           DB        2
   \   00002A   ....         DW        ??SampleApp_MessageMSGCB_0
   \   00002C   ....         DW        ??SampleApp_MessageMSGCB_1
   \   00002E   ....         DW        ??SampleApp_MessageMSGCB_0
   \   000030   ....         DW        ??SampleApp_MessageMSGCB_2
    407            {
    408              case SAMPLEAPP_P2P_CLUSTERID:
    409                HalUARTWrite(0, "T&H:", 4);       //提示接收到数据
   \                     ??SampleApp_MessageMSGCB_2:
   \   000032                ; Setup parameters for call to function HalUARTWrite
   \   000032   7C04         MOV     R4,#0x4
   \   000034   7D00         MOV     R5,#0x0
   \   000036   7A..         MOV     R2,#`?<Constant "T&H:">` & 0xff
   \   000038   7B..         MOV     R3,#(`?<Constant "T&H:">` >> 8) & 0xff
   \   00003A   7900         MOV     R1,#0x0
   \   00003C   12....       LCALL   ??HalUARTWrite?relay
    410                HalUARTWrite(0, pkt->cmd.Data, pkt->cmd.DataLength); //输出接收到的数据
   \   00003F                ; Setup parameters for call to function HalUARTWrite
   \   00003F   EE           MOV     A,R6
   \   000040   241F         ADD     A,#0x1f
   \   000042   F582         MOV     DPL,A
   \   000044   EF           MOV     A,R7
   \   000045   3400         ADDC    A,#0x0
   \   000047   F583         MOV     DPH,A
   \   000049   E0           MOVX    A,@DPTR
   \   00004A   FC           MOV     R4,A
   \   00004B   A3           INC     DPTR
   \   00004C   E0           MOVX    A,@DPTR
   \   00004D   FD           MOV     R5,A
   \   00004E   85..82       MOV     DPL,?V0 + 0
   \   000051   85..83       MOV     DPH,?V0 + 1
   \   000054   E0           MOVX    A,@DPTR
   \   000055   FA           MOV     R2,A
   \   000056   A3           INC     DPTR
   \   000057   E0           MOVX    A,@DPTR
   \   000058   FB           MOV     R3,A
   \   000059   12....       LCALL   ?Subroutine3 & 0xFFFF
    411                HalUARTWrite(0, "\n", 1);         // 回车换行
    412                break;    
   \                     ??CrossCallReturnLabel_0:
   \   00005C   8037         SJMP    ??SampleApp_MessageMSGCB_0
    413              case SAMPLEAPP_PERIODIC_CLUSTERID:
    414                break;
    415          
    416              case SAMPLEAPP_FLASH_CLUSTERID:
    417                flashTime = BUILD_UINT16(pkt->cmd.Data[1], pkt->cmd.Data[2] );
    418                HalLedBlink( HAL_LED_4, 4, 50, (flashTime / 4) );
   \                     ??SampleApp_MessageMSGCB_1:
   \   00005E   85..82       MOV     DPL,?V0 + 0
   \   000061   85..83       MOV     DPH,?V0 + 1
   \   000064   E0           MOVX    A,@DPTR
   \   000065   F8           MOV     R0,A
   \   000066   A3           INC     DPTR
   \   000067   E0           MOVX    A,@DPTR
   \   000068   F9           MOV     R1,A
   \   000069                ; Setup parameters for call to function HalLedBlink
   \   000069   8882         MOV     DPL,R0
   \   00006B   8983         MOV     DPH,R1
   \   00006D   A3           INC     DPTR
   \   00006E   E0           MOVX    A,@DPTR
   \   00006F   FA           MOV     R2,A
   \   000070   8882         MOV     DPL,R0
   \   000072   8983         MOV     DPH,R1
   \   000074   A3           INC     DPTR
   \   000075   A3           INC     DPTR
   \   000076   E0           MOVX    A,@DPTR
   \   000077   F9           MOV     R1,A
   \   000078   EA           MOV     A,R2
   \   000079   2400         ADD     A,#0x0
   \   00007B   F5..         MOV     ?V0 + 0,A
   \   00007D   E4           CLR     A
   \   00007E   39           ADDC    A,R1
   \   00007F   F5..         MOV     ?V0 + 1,A
   \   000081   7402         MOV     A,#0x2
   \   000083   78..         MOV     R0,#?V0 + 0
   \   000085   12....       LCALL   ?US_SHR
   \   000088   AC..         MOV     R4,?V0 + 0
   \   00008A   AD..         MOV     R5,?V0 + 1
   \   00008C   7B32         MOV     R3,#0x32
   \   00008E   7A04         MOV     R2,#0x4
   \   000090   7908         MOV     R1,#0x8
   \   000092   12....       LCALL   ??HalLedBlink?relay
    419                break;
    420            }
    421          }
   \                     ??SampleApp_MessageMSGCB_0:
   \   000095   02....       LJMP    ?Subroutine1 & 0xFFFF

   \                                 In  segment BANKED_CODE, align 1, keep-with-next
   \                     ?Subroutine3:
   \   000000   7900         MOV     R1,#0x0
   \   000002   12....       LCALL   ??HalUARTWrite?relay
   \   000005                ; Setup parameters for call to function HalUARTWrite
   \   000005                ; Setup parameters for call to function HalUARTWrite
   \   000005   7C01         MOV     R4,#0x1
   \   000007   7D00         MOV     R5,#0x0
   \   000009   7A..         MOV     R2,#`?<Constant "\\n">` & 0xff
   \   00000B   7B..         MOV     R3,#(`?<Constant "\\n">` >> 8) & 0xff
   \   00000D   7900         MOV     R1,#0x0
   \   00000F   12....       LCALL   ??HalUARTWrite?relay
   \   000012   22           RET
    422          
    423          /*********************************************************************
    424           * @fn      SampleApp_SendPeriodicMessage
    425           *
    426           * @brief   Send the periodic message.
    427           *
    428           * @param   none
    429           *
    430           * @return  none
    431           */

   \                                 In  segment BANKED_CODE, align 1, keep-with-next
    432          void SampleApp_SendPeriodicMessage( void )
   \                     SampleApp_SendPeriodicMessage:
    433          {
   \   000000   74F6         MOV     A,#-0xa
   \   000002   12....       LCALL   ?BANKED_ENTER_XDATA
   \   000005                ; Saved register size: 10
   \   000005                ; Auto size: 0
    434            if ( AF_DataRequest( &SampleApp_Periodic_DstAddr, &SampleApp_epDesc,
    435                                 SAMPLEAPP_PERIODIC_CLUSTERID,
    436                                 1,
    437                                 (uint8*)&SampleAppPeriodicCounter,
    438                                 &SampleApp_TransID,
    439                                 AF_DISCV_ROUTE,
    440                                 AF_DEFAULT_RADIUS ) == afStatus_SUCCESS )
   \   000005                ; Setup parameters for call to function AF_DataRequest
   \   000005   75..1E       MOV     ?V0 + 0,#0x1e
   \   000008   78..         MOV     R0,#?V0 + 0
   \   00000A   12....       LCALL   ?PUSH_XSTACK_I_ONE
   \   00000D   75....       MOV     ?V0 + 0,#SampleApp_TransID & 0xff
   \   000010   75....       MOV     ?V0 + 1,#(SampleApp_TransID >> 8) & 0xff
   \   000013   78..         MOV     R0,#?V0 + 0
   \   000015   12....       LCALL   ?PUSH_XSTACK_I_TWO
   \   000018   75....       MOV     ?V0 + 0,#SampleAppPeriodicCounter & 0xff
   \   00001B   75....       MOV     ?V0 + 1,#(SampleAppPeriodicCounter >> 8) & 0xff
   \   00001E   78..         MOV     R0,#?V0 + 0
   \   000020   12....       LCALL   ?PUSH_XSTACK_I_TWO
   \   000023   75..01       MOV     ?V0 + 0,#0x1
   \   000026   75..00       MOV     ?V0 + 1,#0x0
   \   000029   78..         MOV     R0,#?V0 + 0
   \   00002B   12....       LCALL   ?PUSH_XSTACK_I_TWO
   \   00002E   78..         MOV     R0,#?V0 + 0
   \   000030   12....       LCALL   ?PUSH_XSTACK_I_TWO
   \   000033   7920         MOV     R1,#0x20
   \   000035   7C..         MOV     R4,#SampleApp_epDesc & 0xff
   \   000037   7D..         MOV     R5,#(SampleApp_epDesc >> 8) & 0xff
   \   000039   7A..         MOV     R2,#SampleApp_Periodic_DstAddr & 0xff
   \   00003B   7B..         MOV     R3,#(SampleApp_Periodic_DstAddr >> 8) & 0xff
   \   00003D   12....       LCALL   ??AF_DataRequest?relay
   \   000040   7409         MOV     A,#0x9
   \   000042                REQUIRE ?Subroutine2
   \   000042                ; // Fall through to label ?Subroutine2
    441            {
    442            }
    443            else
    444            {
    445              // Error occurred in request to send.
    446            }
    447          }

   \                                 In  segment BANKED_CODE, align 1, keep-with-next
   \                     ?Subroutine2:
   \   000000   12....       LCALL   ?DEALLOC_XSTACK8
   \   000003                REQUIRE ??Subroutine5_0
   \   000003                ; // Fall through to label ??Subroutine5_0
    448          
    449          /*********************************************************************
    450           * @fn      SampleApp_SendFlashMessage
    451           *
    452           * @brief   Send the flash message to group 1.
    453           *
    454           * @param   flashTime - in milliseconds
    455           *
    456           * @return  none
    457           */

   \                                 In  segment BANKED_CODE, align 1, keep-with-next
    458          void SampleApp_SendFlashMessage( uint16 flashTime )
   \                     SampleApp_SendFlashMessage:
    459          {
   \   000000   74F6         MOV     A,#-0xa
   \   000002   12....       LCALL   ?BANKED_ENTER_XDATA
   \   000005                ; Saved register size: 10
   \   000005                ; Auto size: 3
   \   000005   74FD         MOV     A,#-0x3
   \   000007   12....       LCALL   ?ALLOC_XSTACK8
    460            uint8 buffer[3];
    461            buffer[0] = (uint8)(SampleAppFlashCounter++);
   \   00000A   90....       MOV     DPTR,#SampleAppFlashCounter
   \   00000D   E0           MOVX    A,@DPTR
   \   00000E   85..82       MOV     DPL,?XSP + 0
   \   000011   85..83       MOV     DPH,?XSP + 1
   \   000014   F0           MOVX    @DPTR,A
   \   000015   90....       MOV     DPTR,#SampleAppFlashCounter
   \   000018   E0           MOVX    A,@DPTR
   \   000019   04           INC     A
   \   00001A   F0           MOVX    @DPTR,A
    462            buffer[1] = LO_UINT16( flashTime );
   \   00001B   7401         MOV     A,#0x1
   \   00001D   12....       LCALL   ?XSTACK_DISP0_8
   \   000020   EA           MOV     A,R2
   \   000021   F0           MOVX    @DPTR,A
    463            buffer[2] = HI_UINT16( flashTime );
   \   000022   7402         MOV     A,#0x2
   \   000024   12....       LCALL   ?XSTACK_DISP0_8
   \   000027   EB           MOV     A,R3
   \   000028   F0           MOVX    @DPTR,A
    464          
    465            if ( AF_DataRequest( &SampleApp_Flash_DstAddr, &SampleApp_epDesc,
    466                                 SAMPLEAPP_FLASH_CLUSTERID,
    467                                 3,
    468                                 buffer,
    469                                 &SampleApp_TransID,
    470                                 AF_DISCV_ROUTE,
    471                                 AF_DEFAULT_RADIUS ) == afStatus_SUCCESS )
   \   000029                ; Setup parameters for call to function AF_DataRequest
   \   000029   75..1E       MOV     ?V0 + 0,#0x1e
   \   00002C   78..         MOV     R0,#?V0 + 0
   \   00002E   12....       LCALL   ?PUSH_XSTACK_I_ONE
   \   000031   75....       MOV     ?V0 + 0,#SampleApp_TransID & 0xff
   \   000034   75....       MOV     ?V0 + 1,#(SampleApp_TransID >> 8) & 0xff
   \   000037   78..         MOV     R0,#?V0 + 0
   \   000039   12....       LCALL   ?PUSH_XSTACK_I_TWO
   \   00003C   7403         MOV     A,#0x3
   \   00003E   12....       LCALL   ?XSTACK_DISP0_8
   \   000041   8582..       MOV     ?V0 + 0,DPL
   \   000044   8583..       MOV     ?V0 + 1,DPH
   \   000047   78..         MOV     R0,#?V0 + 0
   \   000049   12....       LCALL   ?PUSH_XSTACK_I_TWO
   \   00004C   75..03       MOV     ?V0 + 0,#0x3
   \   00004F   75..00       MOV     ?V0 + 1,#0x0
   \   000052   78..         MOV     R0,#?V0 + 0
   \   000054   12....       LCALL   ?PUSH_XSTACK_I_TWO
   \   000057   75..02       MOV     ?V0 + 0,#0x2
   \   00005A   78..         MOV     R0,#?V0 + 0
   \   00005C   12....       LCALL   ?PUSH_XSTACK_I_TWO
   \   00005F   7920         MOV     R1,#0x20
   \   000061   7C..         MOV     R4,#SampleApp_epDesc & 0xff
   \   000063   7D..         MOV     R5,#(SampleApp_epDesc >> 8) & 0xff
   \   000065   7A..         MOV     R2,#SampleApp_Flash_DstAddr & 0xff
   \   000067   7B..         MOV     R3,#(SampleApp_Flash_DstAddr >> 8) & 0xff
   \   000069   12....       LCALL   ??AF_DataRequest?relay
   \   00006C   7409         MOV     A,#0x9
   \   00006E   12....       LCALL   ?DEALLOC_XSTACK8
    472            {
    473            }
    474            else
    475            {
    476              // Error occurred in request to send.
    477            }
    478          }
   \   000071   7403         MOV     A,#0x3
   \   000073   80..         SJMP    ?Subroutine2
    479          
    480          /*********************************************************************
    481           * @fn      SampleApp_Send_P2P_Message
    482           *
    483           * @brief   point to point.
    484           *
    485           * @param   none
    486           *
    487           * @return  none
    488           */

   \                                 In  segment BANKED_CODE, align 1, keep-with-next
    489          void SampleApp_Send_P2P_Message( void )
   \                     SampleApp_Send_P2P_Message:
    490          {
   \   000000   74F5         MOV     A,#-0xb
   \   000002   12....       LCALL   ?BANKED_ENTER_XDATA
   \   000005                ; Saved register size: 11
   \   000005                ; Auto size: 13
   \   000005   74F3         MOV     A,#-0xd
   \   000007   12....       LCALL   ?ALLOC_XSTACK8
    491            byte i, temp[3], humidity[3], strTemp[7];
    492          
    493            DHT11();             //获取温湿度
   \   00000A                ; Setup parameters for call to function DHT11
   \   00000A   12....       LCALL   ??DHT11?relay
    494          
    495            //将温湿度的转换成字符串,供LCD显示  
    496            temp[0] = wendu_shi+0x30;
   \   00000D   90....       MOV     DPTR,#wendu_shi
   \   000010   E0           MOVX    A,@DPTR
   \   000011   2430         ADD     A,#0x30
   \   000013   C0E0         PUSH    A
   \   000015   7403         MOV     A,#0x3
   \   000017   12....       LCALL   ?XSTACK_DISP0_8
   \   00001A   D0E0         POP     A
   \   00001C   F0           MOVX    @DPTR,A
    497            temp[1] = wendu_ge+0x30;
   \   00001D   90....       MOV     DPTR,#wendu_ge
   \   000020   E0           MOVX    A,@DPTR
   \   000021   2430         ADD     A,#0x30
   \   000023   C0E0         PUSH    A
   \   000025   7404         MOV     A,#0x4
   \   000027   12....       LCALL   ?XSTACK_DISP0_8
   \   00002A   D0E0         POP     A
   \   00002C   F0           MOVX    @DPTR,A
    498            temp[2] = '\0';
   \   00002D   7405         MOV     A,#0x5
   \   00002F   12....       LCALL   ?XSTACK_DISP0_8
   \   000032   E4           CLR     A
   \   000033   F0           MOVX    @DPTR,A
    499            humidity[0] = shidu_shi+0x30;
   \   000034   90....       MOV     DPTR,#shidu_shi
   \   000037   E0           MOVX    A,@DPTR
   \   000038   2430         ADD     A,#0x30
   \   00003A   85..82       MOV     DPL,?XSP + 0
   \   00003D   85..83       MOV     DPH,?XSP + 1
   \   000040   F0           MOVX    @DPTR,A
    500            humidity[1] = shidu_ge+0x30;
   \   000041   90....       MOV     DPTR,#shidu_ge
   \   000044   E0           MOVX    A,@DPTR
   \   000045   2430         ADD     A,#0x30
   \   000047   C0E0         PUSH    A
   \   000049   7401         MOV     A,#0x1
   \   00004B   12....       LCALL   ?XSTACK_DISP0_8
   \   00004E   D0E0         POP     A
   \   000050   F0           MOVX    @DPTR,A
    501            humidity[2] = '\0';
   \   000051   7402         MOV     A,#0x2
   \   000053   12....       LCALL   ?XSTACK_DISP0_8
   \   000056   E4           CLR     A
   \   000057   F0           MOVX    @DPTR,A
    502            //将数据整合后方便发给协调器显示
    503            osal_memcpy(strTemp, temp, 2); 
   \   000058                ; Setup parameters for call to function osal_memcpy
   \   000058   7403         MOV     A,#0x3
   \   00005A   12....       LCALL   ?XSTACK_DISP0_8
   \   00005D   A982         MOV     R1,DPL
   \   00005F   AA83         MOV     R2,DPH
   \   000061   89..         MOV     ?V0 + 0,R1
   \   000063   8A..         MOV     ?V0 + 1,R2
   \   000065   75..00       MOV     ?V0 + 2,#0x0
   \   000068   78..         MOV     R0,#?V0 + 0
   \   00006A   12....       LCALL   ?PUSH_XSTACK_I_THREE
   \   00006D   7C02         MOV     R4,#0x2
   \   00006F   7D00         MOV     R5,#0x0
   \   000071   7409         MOV     A,#0x9
   \   000073   12....       LCALL   ?XSTACK_DISP0_8
   \   000076   12....       LCALL   ?Subroutine4 & 0xFFFF
   \                     ??CrossCallReturnLabel_2:
   \   000079   12....       LCALL   ?DEALLOC_XSTACK8
    504            osal_memcpy(&strTemp[2], "  ", 2);
   \   00007C                ; Setup parameters for call to function osal_memcpy
   \   00007C   75....       MOV     ?V0 + 0,#`?<Constant "  ">` & 0xff
   \   00007F   75....       MOV     ?V0 + 1,#(`?<Constant "  ">` >> 8) & 0xff
   \   000082   78..         MOV     R0,#?V0 + 0
   \   000084   12....       LCALL   ?PUSH_XSTACK_I_THREE
   \   000087   7C02         MOV     R4,#0x2
   \   000089   7D00         MOV     R5,#0x0
   \   00008B   740B         MOV     A,#0xb
   \   00008D   12....       LCALL   ?XSTACK_DISP0_8
   \   000090   12....       LCALL   ?Subroutine4 & 0xFFFF
   \                     ??CrossCallReturnLabel_3:
   \   000093   12....       LCALL   ?DEALLOC_XSTACK8
    505            osal_memcpy(&strTemp[4], humidity, 3);
   \   000096                ; Setup parameters for call to function osal_memcpy
   \   000096   85..82       MOV     DPL,?XSP + 0
   \   000099   85..83       MOV     DPH,?XSP + 1
   \   00009C   A982         MOV     R1,DPL
   \   00009E   AA83         MOV     R2,DPH
   \   0000A0   89..         MOV     ?V0 + 0,R1
   \   0000A2   8A..         MOV     ?V0 + 1,R2
   \   0000A4   78..         MOV     R0,#?V0 + 0
   \   0000A6   12....       LCALL   ?PUSH_XSTACK_I_THREE
   \   0000A9   7C03         MOV     R4,#0x3
   \   0000AB   7D00         MOV     R5,#0x0
   \   0000AD   740D         MOV     A,#0xd
   \   0000AF   12....       LCALL   ?XSTACK_DISP0_8
   \   0000B2   12....       LCALL   ?Subroutine4 & 0xFFFF
   \                     ??CrossCallReturnLabel_4:
   \   0000B5   12....       LCALL   ?DEALLOC_XSTACK8
    506            
    507            //获得的温湿度通过串口输出到电脑显示
    508            HalUARTWrite(0, "T&H:", 4);
   \   0000B8                ; Setup parameters for call to function HalUARTWrite
   \   0000B8   7C04         MOV     R4,#0x4
   \   0000BA   7D00         MOV     R5,#0x0
   \   0000BC   7A..         MOV     R2,#`?<Constant "T&H:">` & 0xff
   \   0000BE   7B..         MOV     R3,#(`?<Constant "T&H:">` >> 8) & 0xff
   \   0000C0   7900         MOV     R1,#0x0
   \   0000C2   12....       LCALL   ??HalUARTWrite?relay
    509            HalUARTWrite(0, strTemp, 6);
   \   0000C5                ; Setup parameters for call to function HalUARTWrite
   \   0000C5   7C06         MOV     R4,#0x6
   \   0000C7   7D00         MOV     R5,#0x0
   \   0000C9   EC           MOV     A,R4
   \   0000CA   12....       LCALL   ?XSTACK_DISP0_8
   \   0000CD   AA82         MOV     R2,DPL
   \   0000CF   AB83         MOV     R3,DPH
   \   0000D1   12....       LCALL   ?Subroutine3 & 0xFFFF
    510            HalUARTWrite(0, "\n",1);
    511          
    512            //输出到LCD显示
    513            for(i=0; i<3; i++)
    514            {   
    515              if(i==0)
    516              {
    517                LCD_P16x16Ch(i*16,4,i*16);
   \                     ??CrossCallReturnLabel_1:
   \   0000D4                ; Setup parameters for call to function LCD_P16x16Ch
   \   0000D4   7B00         MOV     R3,#0x0
   \   0000D6   7A04         MOV     R2,#0x4
   \   0000D8   7900         MOV     R1,#0x0
   \   0000DA   12....       LCALL   ??LCD_P16x16Ch?relay
    518                LCD_P16x16Ch(i*16,6,(i+3)*16);
   \   0000DD                ; Setup parameters for call to function LCD_P16x16Ch
   \   0000DD   7B30         MOV     R3,#0x30
   \   0000DF   7A06         MOV     R2,#0x6
   \   0000E1   7900         MOV     R1,#0x0
   \   0000E3   12....       LCALL   ??LCD_P16x16Ch?relay
    519              }
   \   0000E6   7F01         MOV     R7,#0x1
    520              else
    521              {
    522                LCD_P16x16Ch(i*16,4,i*16);
   \                     ??SampleApp_Send_P2P_Message_0:
   \   0000E8   EF           MOV     A,R7
   \   0000E9   C4           SWAP    A
   \   0000EA   54F0         ANL     A,#0xf0
   \   0000EC   FE           MOV     R6,A
   \   0000ED                ; Setup parameters for call to function LCD_P16x16Ch
   \   0000ED   FB           MOV     R3,A
   \   0000EE   7A04         MOV     R2,#0x4
   \   0000F0   F9           MOV     R1,A
   \   0000F1   12....       LCALL   ??LCD_P16x16Ch?relay
    523                LCD_P16x16Ch(i*16,6,i*16);        
   \   0000F4                ; Setup parameters for call to function LCD_P16x16Ch
   \   0000F4   EE           MOV     A,R6
   \   0000F5   FB           MOV     R3,A
   \   0000F6   7A06         MOV     R2,#0x6
   \   0000F8   F9           MOV     R1,A
   \   0000F9   12....       LCALL   ??LCD_P16x16Ch?relay
    524              }
    525            } 
   \   0000FC   0F           INC     R7
   \   0000FD   EF           MOV     A,R7
   \   0000FE   C3           CLR     C
   \   0000FF   9403         SUBB    A,#0x3
   \   000101   40E5         JC      ??SampleApp_Send_P2P_Message_0
    526            LCD_P8x16Str(44, 4, temp);
   \   000103                ; Setup parameters for call to function LCD_P8x16Str
   \   000103   7403         MOV     A,#0x3
   \   000105   12....       LCALL   ?XSTACK_DISP0_8
   \   000108   AC82         MOV     R4,DPL
   \   00010A   AD83         MOV     R5,DPH
   \   00010C   7A04         MOV     R2,#0x4
   \   00010E   792C         MOV     R1,#0x2c
   \   000110   12....       LCALL   ??LCD_P8x16Str?relay
    527            LCD_P8x16Str(44, 6, humidity);
   \   000113                ; Setup parameters for call to function LCD_P8x16Str
   \   000113   85..82       MOV     DPL,?XSP + 0
   \   000116   85..83       MOV     DPH,?XSP + 1
   \   000119   AC82         MOV     R4,DPL
   \   00011B   AD83         MOV     R5,DPH
   \   00011D   7A06         MOV     R2,#0x6
   \   00011F   792C         MOV     R1,#0x2c
   \   000121   12....       LCALL   ??LCD_P8x16Str?relay
    528           
    529            if ( AF_DataRequest( &SampleApp_P2P_DstAddr, &SampleApp_epDesc,
    530                                 SAMPLEAPP_P2P_CLUSTERID,
    531                                 6,
    532                                 strTemp,
    533                                 &SampleApp_TransID,
    534                                 AF_DISCV_ROUTE,
    535                                 AF_DEFAULT_RADIUS ) == afStatus_SUCCESS )
   \   000124                ; Setup parameters for call to function AF_DataRequest
   \   000124   75..1E       MOV     ?V0 + 0,#0x1e
   \   000127   78..         MOV     R0,#?V0 + 0
   \   000129   12....       LCALL   ?PUSH_XSTACK_I_ONE
   \   00012C   75....       MOV     ?V0 + 0,#SampleApp_TransID & 0xff
   \   00012F   75....       MOV     ?V0 + 1,#(SampleApp_TransID >> 8) & 0xff
   \   000132   78..         MOV     R0,#?V0 + 0
   \   000134   12....       LCALL   ?PUSH_XSTACK_I_TWO
   \   000137   7409         MOV     A,#0x9
   \   000139   12....       LCALL   ?XSTACK_DISP0_8
   \   00013C   8582..       MOV     ?V0 + 0,DPL
   \   00013F   8583..       MOV     ?V0 + 1,DPH
   \   000142   78..         MOV     R0,#?V0 + 0
   \   000144   12....       LCALL   ?PUSH_XSTACK_I_TWO
   \   000147   75..06       MOV     ?V0 + 0,#0x6
   \   00014A   75..00       MOV     ?V0 + 1,#0x0
   \   00014D   78..         MOV     R0,#?V0 + 0
   \   00014F   12....       LCALL   ?PUSH_XSTACK_I_TWO
   \   000152   75..04       MOV     ?V0 + 0,#0x4
   \   000155   78..         MOV     R0,#?V0 + 0
   \   000157   12....       LCALL   ?PUSH_XSTACK_I_TWO
   \   00015A   7920         MOV     R1,#0x20
   \   00015C   7C..         MOV     R4,#SampleApp_epDesc & 0xff
   \   00015E   7D..         MOV     R5,#(SampleApp_epDesc >> 8) & 0xff
   \   000160   7A..         MOV     R2,#SampleApp_P2P_DstAddr & 0xff
   \   000162   7B..         MOV     R3,#(SampleApp_P2P_DstAddr >> 8) & 0xff
   \   000164   12....       LCALL   ??AF_DataRequest?relay
   \   000167   7409         MOV     A,#0x9
   \   000169   12....       LCALL   ?DEALLOC_XSTACK8
    536            {
    537            }
    538            else
    539            {
    540              // Error occurred in request to send.
    541            }
    542          }
   \   00016C   740D         MOV     A,#0xd
   \   00016E   12....       LCALL   ?DEALLOC_XSTACK8
   \   000171   02....       LJMP    ?Subroutine0 & 0xFFFF

   \                                 In  segment BANKED_CODE, align 1, keep-with-next
   \                     ?Subroutine4:
   \   000000   AA82         MOV     R2,DPL
   \   000002   AB83         MOV     R3,DPH
   \   000004                REQUIRE ??Subroutine6_0
   \   000004                ; // Fall through to label ??Subroutine6_0

   \                                 In  segment BANK_RELAYS, align 1
   \                     ??SampleApp_Init?relay:
   \   000000   12....       LCALL   ?BDISPATCH
   \   000003   ......       DC24    SampleApp_Init

   \                                 In  segment BANK_RELAYS, align 1
   \                     ??SampleApp_ProcessEvent?relay:
   \   000000   12....       LCALL   ?BDISPATCH
   \   000003   ......       DC24    SampleApp_ProcessEvent

   \                                 In  segment BANK_RELAYS, align 1
   \                     ??SampleApp_HandleKeys?relay:
   \   000000   12....       LCALL   ?BDISPATCH
   \   000003   ......       DC24    SampleApp_HandleKeys

   \                                 In  segment BANK_RELAYS, align 1
   \                     ??SampleApp_MessageMSGCB?relay:
   \   000000   12....       LCALL   ?BDISPATCH
   \   000003   ......       DC24    SampleApp_MessageMSGCB

   \                                 In  segment BANK_RELAYS, align 1
   \                     ??SampleApp_SendPeriodicMessage?relay:
   \   000000   12....       LCALL   ?BDISPATCH
   \   000003   ......       DC24    SampleApp_SendPeriodicMessage

   \                                 In  segment BANK_RELAYS, align 1
   \                     ??SampleApp_SendFlashMessage?relay:
   \   000000   12....       LCALL   ?BDISPATCH
   \   000003   ......       DC24    SampleApp_SendFlashMessage

   \                                 In  segment BANK_RELAYS, align 1
   \                     ??SampleApp_Send_P2P_Message?relay:
   \   000000   12....       LCALL   ?BDISPATCH
   \   000003   ......       DC24    SampleApp_Send_P2P_Message

   \                                 In  segment XDATA_ROM_C, align 1
   \                     `?<Constant "Group 1">`:
   \   000000   47726F75     DB "Group 1"
   \            70203100

   \                                 In  segment XDATA_ROM_C, align 1
   \                     `?<Constant "SampleApp">`:
   \   000000   53616D70     DB "SampleApp"
   \            6C654170
   \            7000    

   \                                 In  segment XDATA_ROM_C, align 1
   \                     `?<Constant "T&H:">`:
   \   000000   5426483A     DB "T&H:"
   \            00      

   \                                 In  segment XDATA_ROM_C, align 1
   \                     `?<Constant "\\n">`:
   \   000000   0A00         DB "\012"

   \                                 In  segment XDATA_ROM_C, align 1
   \                     `?<Constant "  ">`:
   \   000000   202000       DB "  "
    543          /*********************************************************************
    544          *********************************************************************/

   Maximum stack usage in bytes:

     Function                       ISTACK PSTACK XSTACK
     --------                       ------ ------ ------
     SampleApp_HandleKeys               0      0     22
       -> SampleApp_SendFlashMessage
                                        0      0     20
       -> aps_FindGroup                 0      0     20
       -> aps_RemoveGroup               0      0     20
       -> aps_AddGroup                  0      0     20
     SampleApp_Init                     0      0     14
       -> MT_UartInit                   0      0     22
       -> MT_UartRegisterTaskID         0      0     22
       -> afRegister                    0      0     22
       -> RegisterForKeys               0      0     22
       -> osal_memcpy                   0      0     28
       -> aps_AddGroup                  0      0     22
       -> HalLcdWriteString             0      0     22
     SampleApp_MessageMSGCB             0      0     24
       -> HalUARTWrite                  0      0     24
       -> HalUARTWrite                  0      0     24
       -> HalUARTWrite                  0      0     24
       -> HalLedBlink                   0      0     24
     SampleApp_ProcessEvent             0      0     12
       -> osal_msg_receive              0      0     24
       -> osal_start_timerEx            0      0     24
       -> osal_msg_deallocate           0      0     24
       -> osal_msg_receive              0      0     24
       -> SampleApp_HandleKeys          0      0     24
       -> SampleApp_MessageMSGCB        0      0     24
       -> SampleApp_Send_P2P_Message
                                        0      0     24
       -> osal_rand                     0      0     24
       -> osal_start_timerEx            0      0     24
     SampleApp_SendFlashMessage         1      0     32
       -> AF_DataRequest                0      0     44
     SampleApp_SendPeriodicMessage      0      0     19
       -> AF_DataRequest                0      0     38
     SampleApp_Send_P2P_Message         1      0     45
       -> DHT11                         0      0     48
       -> osal_memcpy                   0      0     54
       -> osal_memcpy                   0      0     54
       -> osal_memcpy                   0      0     54
       -> HalUARTWrite                  0      0     48
       -> HalUARTWrite                  0      0     48
       -> HalUARTWrite                  0      0     48
       -> LCD_P16x16Ch                  0      0     48
       -> LCD_P16x16Ch                  0      0     48
       -> LCD_P16x16Ch                  0      0     48
       -> LCD_P16x16Ch                  0      0     48
       -> LCD_P8x16Str                  0      0     48
       -> LCD_P8x16Str                  0      0     48
       -> AF_DataRequest                0      0     66


   Segment part sizes:

     Function/Label                        Bytes
     --------------                        -----
     P0SEL                                    1
     SampleApp_ClusterList                    4
     SampleApp_SimpleDesc                    12
     SampleApp_epDesc                         6
     SampleApp_TaskID                         1
     SampleApp_NwkState                       1
     SampleApp_TransID                        1
     SampleApp_Periodic_DstAddr              12
     SampleApp_Flash_DstAddr                 12
     SampleApp_P2P_DstAddr                   12
     SampleApp_Group                         18
     SampleAppPeriodicCounter                 1
     SampleAppFlashCounter                    1
     SampleApp_Init                         181
     ?Subroutine0                             5
     ??Subroutine6_0                          6
     SampleApp_ProcessEvent                 171
     ?Subroutine1                             5
     SampleApp_HandleKeys                    62
     ??Subroutine5_0                          5
     SampleApp_MessageMSGCB                 152
     ?Subroutine3                            19
     SampleApp_SendPeriodicMessage           66
     ?Subroutine2                             3
     SampleApp_SendFlashMessage             117
     SampleApp_Send_P2P_Message             372
     ?Subroutine4                             4
     ??SampleApp_Init?relay                   6
     ??SampleApp_ProcessEvent?relay           6
     ??SampleApp_HandleKeys?relay             6
     ??SampleApp_MessageMSGCB?relay           6
     ??SampleApp_SendPeriodicMessage?relay    6
     ??SampleApp_SendFlashMessage?relay       6
     ??SampleApp_Send_P2P_Message?relay       6
     ?<Constant "Group 1">                    8
     ?<Constant "SampleApp">                 10
     ?<Constant "T&H:">                       5
     ?<Constant "\n">                         2
     ?<Constant "  ">                         3

 
 1 168 bytes in segment BANKED_CODE
    42 bytes in segment BANK_RELAYS
     1 byte  in segment SFR_AN
    44 bytes in segment XDATA_ROM_C
    65 bytes in segment XDATA_Z
 
 1 210 bytes of CODE  memory
    44 bytes of CONST memory
     0 bytes of DATA  memory (+ 1 byte shared)
    65 bytes of XDATA memory

Errors: none
Warnings: none
